// Jest Snapshot v1, https://goo.gl/fbAQLP

exports[`ToDoFilter styled components renders correctly 1`] = `ShallowWrapper {}`;

exports[`ToDoFilter styled components renders correctly 2`] = `ShallowWrapper {}`;

exports[`ToDoFilter styled components renders correctly 3`] = `ShallowWrapper {}`;

exports[`ToDoFilter styled components renders correctly 4`] = `ShallowWrapper {}`;

exports[`ToDoFilter styled components renders correctly 5`] = `ShallowWrapper {}`;
