// Jest Snapshot v1, https://goo.gl/fbAQLP

exports[`ToDo styled components renders correctly 1`] = `ShallowWrapper {}`;

exports[`ToDo styled components renders correctly 2`] = `ShallowWrapper {}`;

exports[`ToDo styled components renders correctly 3`] = `ShallowWrapper {}`;

exports[`ToDo styled components renders correctly 4`] = `ShallowWrapper {}`;

exports[`ToDoInput styled components renders correctly 1`] = `ShallowWrapper {}`;

exports[`ToDoInput styled components renders correctly 2`] = `ShallowWrapper {}`;

exports[`ToDoInput styled components renders correctly 3`] = `ShallowWrapper {}`;

exports[`ToDoInput styled components renders correctly 4`] = `ShallowWrapper {}`;
